Core-1:          0
Core-2:         42
Core-3:         42
Core-4:         42
Core-5:         42
Core-6:         42
Core-7:         42
Core-8:         42
Core-9:         42
Core-10:         42
Core-11:         42
Core-12:         42
Core-13:         42
Core-14:         42
Core-15:         42
Core-0 is done
Core-1 is done
Core-2 is done
Core-3 is done
Core-4 is done
Core-5 is done
Core-6 is done
Core-7 is done
Core-8 is done
Core-9 is done
Core-10 is done
Core-11 is done
Core-12 is done
Core-13 is done
Core-14 is done
Core-15 is done
All cores are done terminating
Assertion failed: Program terminated sucessfully
