Core-1:          0
Core-2:         26
Core-3:          9
Core-4:         26
Core-5:          3
Core-6:          0
Core-7:         10
Core-8:         20
Core-9:          0
Core-10:         14
Core-11:          9
Core-12:         14
Core-13:          3
Core-14:         20
Core-15:         10
Core-1:          0
Core-2:          8
Core-3:         20
Core-4:         30
Core-5:          3
Core-6:         22
Core-7:         10
Core-8:          8
Core-9:          0
Core-10:          0
Core-11:          9
Core-12:         22
Core-13:          3
Core-14:         30
Core-15:         10
Core-1:          0
Core-2:         21
Core-3:         22
Core-4:          1
Core-5:          0
Core-6:         20
Core-7:         20
Core-8:         18
Core-9:         14
Core-10:          7
Core-11:         26
Core-12:         19
Core-13:         14
Core-14:          6
Core-15:         26
Core-1:          0
Core-2:         27
Core-3:         22
Core-4:         24
Core-5:          2
Core-6:          3
Core-7:         20
Core-8:         25
Core-9:          9
Core-10:          2
Core-11:         31
Core-12:          1
Core-13:         11
Core-14:         26
Core-15:         29
Core-0 is done
Core-1 is done
Core-2 is done
Core-3 is done
Core-4 is done
Core-5 is done
Core-6 is done
Core-7 is done
Core-8 is done
Core-9 is done
Core-10 is done
Core-11 is done
Core-12 is done
Core-13 is done
Core-14 is done
Core-15 is done
All cores are done terminating
Assertion failed: Program terminated sucessfully
