Core-0:         84
Core-0:          0
Core-1:          0
Core-2:          0
Core-3:          0
Core-4:          0
Core-5:          0
Core-6:          0
Core-7:          0
Core-8:          0
Core-9:          0
Core-10:          0
Core-11:          0
Core-12:          0
Core-13:          0
Core-14:          0
Core-15:          0
Core-0:          1
Core-1:          1
Core-2:          1
Core-3:          1
Core-4:          1
Core-5:          1
Core-6:          1
Core-7:          1
Core-8:          1
Core-9:          1
Core-10:          1
Core-11:          1
Core-12:          1
Core-13:          1
Core-14:          1
Core-15:          1
Core-0:          2
Core-1:          2
Core-2:          2
Core-3:          2
Core-4:          2
Core-5:          2
Core-6:          2
Core-7:          2
Core-8:          2
Core-9:          2
Core-10:          2
Core-11:          2
Core-12:          2
Core-13:          2
Core-14:          2
Core-15:          2
Core-0:          3
Core-1:          3
Core-2:          3
Core-3:          3
Core-4:          3
Core-5:          3
Core-6:          3
Core-7:          3
Core-8:          3
Core-9:          3
Core-10:          3
Core-11:          3
Core-12:          3
Core-13:          3
Core-14:          3
Core-15:          3
Core-0:          4
Core-1:          4
Core-2:          4
Core-3:          4
Core-4:          4
Core-5:          4
Core-6:          4
Core-7:          4
Core-8:          4
Core-9:          4
Core-10:          4
Core-11:          4
Core-12:          4
Core-13:          4
Core-14:          4
Core-15:          4
Core-0:          5
Core-1:          5
Core-2:          5
Core-3:          5
Core-4:          5
Core-5:          5
Core-6:          5
Core-7:          5
Core-8:          5
Core-9:          5
Core-10:          5
Core-11:          5
Core-12:          5
Core-13:          5
Core-14:          5
Core-15:          5
Core-0:          6
Core-1:          6
Core-2:          6
Core-3:          6
Core-4:          6
Core-5:          6
Core-6:          6
Core-7:          6
Core-8:          6
Core-9:          6
Core-10:          6
Core-11:          6
Core-12:          6
Core-13:          6
Core-14:          6
Core-15:          6
Core-0:          7
Core-1:          7
Core-2:          7
Core-3:          7
Core-4:          7
Core-5:          7
Core-6:          7
Core-7:          7
Core-8:          7
Core-9:          7
Core-10:          7
Core-11:          7
Core-12:          7
Core-13:          7
Core-14:          7
Core-15:          7
Core-0:         83
Core-1:         83
Core-2:         83
Core-3:         83
Core-4:         83
Core-5:         83
Core-6:         83
Core-7:         83
Core-8:         83
Core-9:         83
Core-10:         83
Core-11:         83
Core-12:         83
Core-13:         83
Core-14:         83
Core-15:         83
Core-0:         83
Core-1:         83
Core-2:         83
Core-3:         83
Core-4:         83
Core-5:         83
Core-6:         83
Core-7:         83
Core-8:         83
Core-9:         83
Core-10:         83
Core-11:         83
Core-12:         83
Core-13:         83
Core-14:         83
Core-15:         83
Core-0:         83
Core-1:         83
Core-2:         83
Core-3:         83
Core-4:         83
Core-5:         83
Core-6:         83
Core-7:         83
Core-8:         83
Core-9:         83
Core-10:         83
Core-11:         83
Core-12:         83
Core-13:         83
Core-14:         83
Core-15:         83
Core-0:         83
Core-1:         83
Core-2:         83
Core-3:         83
Core-4:         83
Core-5:         83
Core-6:         83
Core-7:         83
Core-8:         83
Core-9:         83
Core-10:         83
Core-11:         83
Core-12:         83
Core-13:         83
Core-14:         83
Core-15:         83
Core-0:         83
Core-1:         83
Core-2:         83
Core-3:         83
Core-4:         83
Core-5:         83
Core-6:         83
Core-7:         83
Core-8:         83
Core-9:         83
Core-10:         83
Core-11:         83
Core-12:         83
Core-13:         83
Core-14:         83
Core-15:         83
Core-0:         83
Core-1:         83
Core-2:         83
Core-3:         83
Core-4:         83
Core-5:         83
Core-6:         83
Core-7:         83
Core-8:         83
Core-9:         83
Core-10:         83
Core-11:         83
Core-12:         83
Core-13:         83
Core-14:         83
Core-15:         83
Core-0:         83
Core-1:         83
Core-2:         83
Core-3:         83
Core-4:         83
Core-5:         83
Core-6:         83
Core-7:         83
Core-8:         83
Core-9:         83
Core-10:         83
Core-11:         83
Core-12:         83
Core-13:         83
Core-14:         83
Core-15:         83
Core-0:         83
Core-1:         83
Core-2:         83
Core-3:         83
Core-4:         83
Core-5:         83
Core-6:         83
Core-7:         83
Core-8:         83
Core-9:         83
Core-10:         83
Core-11:         83
Core-12:         83
Core-13:         83
Core-14:         83
Core-15:         83
Core-0 is done
Core-1 is done
Core-2 is done
Core-3 is done
Core-4 is done
Core-5 is done
Core-6 is done
Core-7 is done
Core-8 is done
Core-9 is done
Core-10 is done
Core-11 is done
Core-12 is done
Core-13 is done
Core-14 is done
Core-15 is done
All cores are done terminating
Assertion failed: Program terminated sucessfully
