Core-0:         19
Core-0:         20
Core-0:         10
Core-0:         19
Core-0:         20
Core-0:         10
Core-0:         19
Core-0:         20
Core-0:         10
Core-0:        713
Core-1:        713
Core-2:        713
Core-3:        713
Core-4:        713
Core-5:        713
Core-6:        713
Core-7:        713
Core-8:        713
Core-9:        713
Core-10:        713
Core-11:        713
Core-12:        713
Core-13:        713
Core-14:        713
Core-15:        713
Core-0:        713
Core-1:        713
Core-2:        713
Core-3:        713
Core-4:        713
Core-5:        713
Core-6:        713
Core-7:        713
Core-8:        713
Core-9:        713
Core-10:        713
Core-11:        713
Core-12:        713
Core-13:        713
Core-14:        713
Core-15:        713
Core-0:        713
Core-1:        713
Core-2:        713
Core-3:        713
Core-4:        713
Core-5:        713
Core-6:        713
Core-7:        713
Core-8:        713
Core-9:        713
Core-10:        713
Core-11:        713
Core-12:        713
Core-13:        713
Core-14:        713
Core-15:        713
Core-0:        713
Core-1:        713
Core-2:        713
Core-3:        713
Core-4:        713
Core-5:        713
Core-6:        713
Core-7:        713
Core-8:        713
Core-9:        713
Core-10:        713
Core-11:        713
Core-12:        713
Core-13:        713
Core-14:        713
Core-15:        713
Core-0:        713
Core-1:        713
Core-2:        713
Core-3:        713
Core-4:        713
Core-5:        713
Core-6:        713
Core-7:        713
Core-8:        713
Core-9:        713
Core-10:        713
Core-11:        713
Core-12:        713
Core-13:        713
Core-14:        713
Core-15:        713
Core-0:        713
Core-1:        713
Core-2:        713
Core-3:        713
Core-4:        713
Core-5:        713
Core-6:        713
Core-7:        713
Core-8:        713
Core-9:        713
Core-10:        713
Core-11:        713
Core-12:        713
Core-13:        713
Core-14:        713
Core-15:        713
Core-0:        713
Core-1:        713
Core-2:        713
Core-3:        713
Core-4:        713
Core-5:        713
Core-6:        713
Core-7:        713
Core-8:        713
Core-9:        713
Core-10:        713
Core-11:        713
Core-12:        713
Core-13:        713
Core-14:        713
Core-15:        713
Core-0:        713
Core-1:        713
Core-2:        713
Core-3:        713
Core-4:        713
Core-5:        713
Core-6:        713
Core-7:        713
Core-8:        713
Core-9:        713
Core-10:        713
Core-11:        713
Core-12:        713
Core-13:        713
Core-14:        713
Core-15:        713
Core-0 is done
Core-1 is done
Core-2 is done
Core-3 is done
Core-4 is done
Core-5 is done
Core-6 is done
Core-7 is done
Core-8 is done
Core-9 is done
Core-10 is done
Core-11 is done
Core-12 is done
Core-13 is done
Core-14 is done
Core-15 is done
All cores are done terminating
Assertion failed: Program terminated sucessfully
